exports[`test converts basic class render 1`] = `
<div
  class="basic-class class">
  <div
    class="group"
    id="group-id">
    <span>
      <strong>
        Hello!
      </strong>
    </span>
    <span
      class="empty" />
  </div>
</div>
`;

exports[`test converts basic pure render 1`] = `
<div
  class="basic-pure pure">
  <div
    class="group"
    id="group-id">
    <span>
      <strong>
        Hello!
      </strong>
    </span>
    <span
      class="empty" />
  </div>
</div>
`;

exports[`test handles a component which returns null 1`] = `null`;

exports[`test renders multiple elements as a result of find 1`] = `
Array [
  <li>
    0
</li>,
  <li>
    1
</li>,
]
`;

exports[`test renders the whole list 1`] = `
<ul>
  <li>
    0
  </li>
  <li>
    1
  </li>
</ul>
`;
